[08:38:30] loading data
[08:38:31] === seed 7 ===
[08:38:33]   [1/17] feature_eng_joint_xgboost_trial_saved_feature_eng_joint_best: logloss=0.423849 (2.2s)
[08:38:34]   [2/17] optuna_extended_xgboost_trial_16_all_engineered_extended: logloss=0.423923 (1.6s)
[08:38:35]   [3/17] optuna_extended_lightgbm_trial_46_custom_blocks_demographics_delay: logloss=0.424249 (1.0s)
[08:38:40]   [4/17] optuna_extended_catboost_trial_28_all_engineered_extended: logloss=0.423725 (4.8s)
[08:38:42]   [5/17] optuna_original_xgboost_trial_25_all_engineered: logloss=0.424627 (1.6s)
[08:38:43]   [6/17] optuna_original_lightgbm_trial_12_all_engineered: logloss=0.424808 (0.9s)
[08:38:54]   [7/17] optuna_original_catboost_trial_17_all_engineered: logloss=0.424573 (11.9s)
[08:38:58]   [8/17] global_search_xgboost_trial_41_exported_feature_eng_best: logloss=0.423616 (3.8s)
[08:39:02]   [9/17] global_search_xgboost_trial_45_exported_feature_eng_best: logloss=0.423432 (3.6s)
[08:39:06]   [10/17] global_search_xgboost_trial_42_exported_feature_eng_best: logloss=0.423777 (4.1s)
[08:39:10]   [11/17] global_search_xgboost_trial_43_exported_feature_eng_best: logloss=0.423527 (3.9s)
[08:39:14]   [12/17] global_search_xgboost_trial_47_exported_feature_eng_best: logloss=0.423642 (3.9s)
[08:39:18]   [13/17] global_search_lightgbm_trial_31_all_features: logloss=0.423678 (4.0s)
[08:39:22]   [14/17] global_search_lightgbm_trial_41_all_features: logloss=0.423723 (4.3s)
[08:39:25]   [15/17] global_search_lightgbm_trial_44_all_features: logloss=0.423655 (3.2s)
[08:39:30]   [16/17] global_search_lightgbm_trial_37_all_features: logloss=0.423621 (4.4s)
[08:39:35]   [17/17] global_search_lightgbm_trial_42_all_features: logloss=0.423819 (5.1s)
[08:39:35] seed 7: saved_blend=0.422979 equal_blend=0.423078 best_single=0.423432 (global_search_xgboost_trial_45_exported_feature_eng_best)
[08:39:35] === seed 123 ===
[08:39:37]   [1/17] feature_eng_joint_xgboost_trial_saved_feature_eng_joint_best: logloss=0.423721 (2.2s)
[08:39:38]   [2/17] optuna_extended_xgboost_trial_16_all_engineered_extended: logloss=0.424193 (1.5s)
[08:39:39]   [3/17] optuna_extended_lightgbm_trial_46_custom_blocks_demographics_delay: logloss=0.424305 (1.0s)
[08:39:44]   [4/17] optuna_extended_catboost_trial_28_all_engineered_extended: logloss=0.423969 (5.0s)
[08:39:46]   [5/17] optuna_original_xgboost_trial_25_all_engineered: logloss=0.424998 (1.6s)
[08:39:47]   [6/17] optuna_original_lightgbm_trial_12_all_engineered: logloss=0.424897 (0.9s)
[08:39:59]   [7/17] optuna_original_catboost_trial_17_all_engineered: logloss=0.424726 (12.2s)
[08:40:03]   [8/17] global_search_xgboost_trial_41_exported_feature_eng_best: logloss=0.423515 (3.9s)
[08:40:07]   [9/17] global_search_xgboost_trial_45_exported_feature_eng_best: logloss=0.423520 (3.6s)
[08:40:11]   [10/17] global_search_xgboost_trial_42_exported_feature_eng_best: logloss=0.423721 (4.2s)
[08:40:15]   [11/17] global_search_xgboost_trial_43_exported_feature_eng_best: logloss=0.423416 (3.9s)
[08:40:19]   [12/17] global_search_xgboost_trial_47_exported_feature_eng_best: logloss=0.423602 (4.0s)
[08:40:23]   [13/17] global_search_lightgbm_trial_31_all_features: logloss=0.424042 (4.0s)
[08:40:27]   [14/17] global_search_lightgbm_trial_41_all_features: logloss=0.423795 (4.4s)
[08:40:30]   [15/17] global_search_lightgbm_trial_44_all_features: logloss=0.424061 (3.2s)
[08:40:35]   [16/17] global_search_lightgbm_trial_37_all_features: logloss=0.423962 (4.5s)
[08:40:40]   [17/17] global_search_lightgbm_trial_42_all_features: logloss=0.423981 (4.8s)
[08:40:40] seed 123: saved_blend=0.423060 equal_blend=0.423205 best_single=0.423416 (global_search_xgboost_trial_43_exported_feature_eng_best)
[08:40:40] DONE
