[08:09:11] loading data
[08:09:11] 17 base models in blend, weight sum=1.000000
[08:09:14] [1/17] feature_eng_joint_xgboost_trial_saved_feature_eng_joint_best: oof_logloss=0.423537 oof_auc=0.789129 weight=0.0353 (2.6s)
[08:09:15] [2/17] optuna_extended_xgboost_trial_16_all_engineered_extended: oof_logloss=0.424337 oof_auc=0.787935 weight=0.0104 (1.8s)
[08:09:17] [3/17] optuna_extended_lightgbm_trial_46_custom_blocks_demographics_delay: oof_logloss=0.424447 oof_auc=0.787733 weight=0.0002 (1.1s)
[08:09:22] [4/17] optuna_extended_catboost_trial_28_all_engineered_extended: oof_logloss=0.423742 oof_auc=0.788574 weight=0.1303 (5.6s)
[08:09:24] [5/17] optuna_original_xgboost_trial_25_all_engineered: oof_logloss=0.424757 oof_auc=0.786958 weight=0.0001 (1.8s)
[08:09:25] [6/17] optuna_original_lightgbm_trial_12_all_engineered: oof_logloss=0.424803 oof_auc=0.786696 weight=0.0428 (1.0s)
[08:09:39] [7/17] optuna_original_catboost_trial_17_all_engineered: oof_logloss=0.424160 oof_auc=0.787719 weight=0.1938 (14.1s)
[08:09:44] [8/17] global_search_xgboost_trial_41_exported_feature_eng_best: oof_logloss=0.423824 oof_auc=0.788604 weight=0.1866 (4.4s)
[08:09:48] [9/17] global_search_xgboost_trial_45_exported_feature_eng_best: oof_logloss=0.423715 oof_auc=0.788747 weight=0.0032 (4.1s)
[08:09:52] [10/17] global_search_xgboost_trial_42_exported_feature_eng_best: oof_logloss=0.423704 oof_auc=0.788698 weight=0.1881 (4.6s)
[08:09:57] [11/17] global_search_xgboost_trial_43_exported_feature_eng_best: oof_logloss=0.423775 oof_auc=0.788742 weight=0.0412 (4.5s)
[08:10:01] [12/17] global_search_xgboost_trial_47_exported_feature_eng_best: oof_logloss=0.423715 oof_auc=0.788869 weight=0.0174 (4.5s)
[08:10:06] [13/17] global_search_lightgbm_trial_31_all_features: oof_logloss=0.423777 oof_auc=0.788561 weight=0.0026 (4.5s)
[08:10:11] [14/17] global_search_lightgbm_trial_41_all_features: oof_logloss=0.423782 oof_auc=0.788588 weight=0.0776 (4.8s)
[08:10:14] [15/17] global_search_lightgbm_trial_44_all_features: oof_logloss=0.423808 oof_auc=0.788397 weight=0.0397 (3.7s)
[08:10:20] [16/17] global_search_lightgbm_trial_37_all_features: oof_logloss=0.423873 oof_auc=0.788231 weight=0.0234 (5.2s)
[08:10:25] [17/17] global_search_lightgbm_trial_42_all_features: oof_logloss=0.423878 oof_auc=0.788421 weight=0.0074 (5.6s)
[08:10:25] REPRODUCED blended OOF log_loss=0.422940 auc=0.789728
[08:10:25] Reported blend val_log_loss_mean=0.422861 (note: reported is mean of per-fold log-loss computed on the SAME oof array split by fold, not a single log_loss call on the whole vector)
[08:10:26] Reproduction check vs submission_global_targeted_blend.csv: max_abs_diff=0.019333 mean_abs_diff=0.001891
[08:10:26] DONE
